This is pdfTeX, Version 3.141592653-2.6-1.40.24 (TeX Live 2022) (preloaded format=mptopdf 2023.2.22)  7 MAR 2023 14:37
 restricted \write18 enabled.
 %&-line parsing enabled.
**\relax test.5
 (./test.5{/home/mc/.texlive2022/texmf-var/fonts/map/pdftex/updmap/pdftex.map})
 [1] 
Here is how much of TeX's memory you used:
 114 strings out of 496679
 814 string characters out of 6200523
 4033983 words of memory out of 9019189
 1776 multiletter control sequences out of 15000+600000
 915 words of font info for 3 fonts, out of 8000000 for 9000
 0 hyphenation exceptions out of 8191
 10i,3n,7p,112b,284s stack positions out of 10000i,1000n,20000p,200000b,200000s
</usr/local/texlive/2022/texmf-dist/fonts/type1/public/amsfonts/cm/cmbx10.p
fb></usr/local/texlive/2022/texmf-dist/fonts/type1/public/amsfonts/cm/cmr10.pfb
>
Output written on test.pdf (1 page, 29768 bytes).
PDF statistics:
 16 PDF objects out of 1000 (max. 8388607)
 0 named destinations out of 1000 (max. 500000)
 7 words of extra memory for PDF output out of 10000 (max. 10000000)

